// Jest Snapshot v1, https://goo.gl/fbAQLP

exports[`default.vue should have a default template 1`] = `
VueWrapper {
  "_emitted": Object {},
  "_emittedByOrder": Array [],
  "isFunctionalComponent": undefined,
}
`;
